ARM Linker, 5.03 [Build 76] [MDK-ARM Standard][RL-ARM]

==============================================================================

Section Cross References

    startup_stm32f10x_hd.o(RESET) refers to startup_stm32f10x_hd.o(STACK) for __initial_sp
    startup_stm32f10x_hd.o(RESET) refers to startup_stm32f10x_hd.o(.text) for Reset_Handler
    startup_stm32f10x_hd.o(RESET) refers to stm32f10x_it.o(.text) for NMI_Handler
    startup_stm32f10x_hd.o(RESET) refers to timer.o(.text) for TIM4_IRQHandler
    startup_stm32f10x_hd.o(RESET) refers to usart1_v2.o(.text) for USART1_IRQHandler
    startup_stm32f10x_hd.o(RESET) refers to usart2_v2.o(.text) for USART2_IRQHandler
    startup_stm32f10x_hd.o(RESET) refers to usart3_v2.o(.text) for USART3_IRQHandler
    startup_stm32f10x_hd.o(.text) refers to system_stm32f10x.o(.text) for SystemInit
    startup_stm32f10x_hd.o(.text) refers to entry.o(.ARM.Collect$$$$00000000) for __main
    system_stm32f10x.o(.text) refers to system_stm32f10x.o(.data) for SystemCoreClock
    stm32f10x_adc.o(.text) refers to stm32f10x_rcc.o(.text) for RCC_APB2PeriphResetCmd
    stm32f10x_bkp.o(.text) refers to stm32f10x_rcc.o(.text) for RCC_BackupResetCmd
    stm32f10x_can.o(.text) refers to stm32f10x_rcc.o(.text) for RCC_APB1PeriphResetCmd
    stm32f10x_cec.o(.text) refers to stm32f10x_rcc.o(.text) for RCC_APB1PeriphResetCmd
    stm32f10x_dac.o(.text) refers to stm32f10x_rcc.o(.text) for RCC_APB1PeriphResetCmd
    stm32f10x_gpio.o(.text) refers to stm32f10x_rcc.o(.text) for RCC_APB2PeriphResetCmd
    stm32f10x_i2c.o(.text) refers to stm32f10x_rcc.o(.text) for RCC_APB1PeriphResetCmd
    stm32f10x_pwr.o(.text) refers to stm32f10x_rcc.o(.text) for RCC_APB1PeriphResetCmd
    stm32f10x_rcc.o(.text) refers to stm32f10x_rcc.o(.data) for APBAHBPrescTable
    stm32f10x_spi.o(.text) refers to stm32f10x_rcc.o(.text) for RCC_APB2PeriphResetCmd
    stm32f10x_tim.o(.text) refers to stm32f10x_rcc.o(.text) for RCC_APB2PeriphResetCmd
    stm32f10x_usart.o(.text) refers to stm32f10x_rcc.o(.text) for RCC_APB2PeriphResetCmd
    stm32f10x_wwdg.o(.text) refers to stm32f10x_rcc.o(.text) for RCC_APB1PeriphResetCmd
    main.o(.text) refers to delay.o(.text) for delay_init
    main.o(.text) refers to led.o(.text) for LED_Init
    main.o(.text) refers to usart2_v2.o(.text) for USART2_Init
    main.o(.text) refers to esp8266_wifi.o(.text) for ESP8266_AP_Init
    main.o(.text) refers to stm32f10x_gpio.o(.text) for GPIO_ResetBits
    main.o(.text) refers to strstr.o(.text) for strstr
    main.o(.text) refers to lock.o(.text) for LockPinInit
    main.o(.text) refers to usart3_v2.o(.text) for usart3_init
    main.o(.text) refers to finger.o(.text) for FR_Init
    main.o(.text) refers to usart1_v2.o(.text) for USART1_Init
    main.o(.text) refers to sim900a.o(.text) for GSM_Dect
    main.o(.text) refers to lockapp.o(.text) for Lock_Ctl
    main.o(.text) refers to cmd_ctrl.o(.text) for Cmd_Ctrl
    main.o(.text) refers to usart2_v2.o(.bss) for usart2_rcv_buf
    main.o(.text) refers to usart2_v2.o(.data) for usart2_cmd_clr_flag
    as608.o(.text) refers to stm32f10x_rcc.o(.text) for RCC_APB2PeriphClockCmd
    as608.o(.text) refers to stm32f10x_gpio.o(.text) for GPIO_Init
    as608.o(.text) refers to delay.o(.text) for delay_ms
    as608.o(.text) refers to strstr.o(.text) for strstr
    as608.o(.text) refers to as608.o(.data) for AS608Addr
    as608.o(.text) refers to usart3_v2.o(.data) for USART3_RX_STA
    as608.o(.text) refers to usart3_v2.o(.bss) for USART3_RX_BUF
    as608.o(.text) refers to esp8266_wifi.o(.text) for ESP8266_sprintf
    i2c_io.o(.text) refers to stm32f10x_rcc.o(.text) for RCC_APB2PeriphClockCmd
    i2c_io.o(.text) refers to stm32f10x_gpio.o(.text) for GPIO_Init
    pn532_iic.o(.text) refers to i2c_io.o(.text) for i2c_Start
    pn532_iic.o(.text) refers to pn532_iic.o(.bss) for REG_data_Buff
    stm32_spi_rc522.o(.text) refers to stm32f10x_spi.o(.text) for SPI_I2S_GetFlagStatus
    stm32_spi_rc522.o(.text) refers to stm32f10x_rcc.o(.text) for RCC_APB2PeriphClockCmd
    stm32_spi_rc522.o(.text) refers to stm32f10x_gpio.o(.text) for GPIO_Init
    stm32_spi_rc522.o(.text) refers to delay.o(.text) for delay_ms
    esp8266_wifi.o(.text) refers to usart2_v2.o(.text) for usart2_write
    esp8266_wifi.o(.text) refers to memseta.o(.text) for __aeabi_memclr
    esp8266_wifi.o(.text) refers to strlen.o(.text) for strlen
    esp8266_wifi.o(.text) refers to strstr.o(.text) for strstr
    esp8266_wifi.o(.text) refers to stm32f10x_rcc.o(.text) for RCC_APB2PeriphClockCmd
    esp8266_wifi.o(.text) refers to stm32f10x_gpio.o(.text) for GPIO_Init
    esp8266_wifi.o(.text) refers to float2char.o(.text) for Int2char
    esp8266_wifi.o(.text) refers to strcat.o(.text) for strcat
    esp8266_wifi.o(.text) refers to printfa.o(i.__0vsprintf) for __c89vsprintf
    esp8266_wifi.o(.text) refers to usart2_v2.o(.bss) for usart2_rcv_buf
    esp8266_wifi.o(.text) refers to usart2_v2.o(.data) for usart2_rcv_len
[...]
    ..\..\Phriph\PN532_IIC.c                 0x00000000   Number         0  pn532_iic.o ABSOLUTE
    ..\..\Phriph\SIM900A.c                   0x00000000   Number         0  sim900a.o ABSOLUTE
    ..\..\Phriph\as608.c                     0x00000000   Number         0  as608.o ABSOLUTE
    ..\..\Phriph\bsp_i2c_gpio.c              0x00000000   Number         0  bsp_i2c_gpio.o ABSOLUTE
    ..\..\Phriph\led.c                       0x00000000   Number         0  led.o ABSOLUTE
    ..\..\Phriph\lock.c                      0x00000000   Number         0  lock.o ABSOLUTE
    ..\..\Phriph\stm32_SPI_RC522.c           0x00000000   Number         0  stm32_spi_rc522.o ABSOLUTE
    ..\..\System\delay\delay.c               0x00000000   Number         0  delay.o ABSOLUTE
    ..\..\System\sys\sys.c                   0x00000000   Number         0  sys.o ABSOLUTE
    ..\..\System\timer.c                     0x00000000   Number         0  timer.o ABSOLUTE
    ..\..\System\usart\usart1_v2.c           0x00000000   Number         0  usart1_v2.o ABSOLUTE
    ..\..\System\usart\usart2_v2.c           0x00000000   Number         0  usart2_v2.o ABSOLUTE
    ..\..\System\usart\usart3_v2.c           0x00000000   Number         0  usart3_v2.o ABSOLUTE
    ..\..\User\main.c                        0x00000000   Number         0  main.o ABSOLUTE
    ..\..\User\stm32f10x_it.c                0x00000000   Number         0  stm32f10x_it.o ABSOLUTE
    ..\\..\\Libraries\\CMSIS\\core_cm3.c     0x00000000   Number         0  core_cm3.o ABSOLUTE
    ..\\..\\System\\sys\\sys.c               0x00000000   Number         0  sys.o ABSOLUTE
    cdcmple.s                                0x00000000   Number         0  cdcmple.o ABSOLUTE
    cdrcmple.s                               0x00000000   Number         0  cdrcmple.o ABSOLUTE
    cfcmple.s                                0x00000000   Number         0  cfcmple.o ABSOLUTE
    cfrcmple.s                               0x00000000   Number         0  cfrcmple.o ABSOLUTE
    dc.s                                     0x00000000   Number         0  dc.o ABSOLUTE
    handlers.s                               0x00000000   Number         0  handlers.o ABSOLUTE
    init.s                                   0x00000000   Number         0  init.o ABSOLUTE
    RESET                                    0x08000000   Section      304  startup_stm32f10x_hd.o(RESET)
    .ARM.Collect$$$$00000000                 0x08000130   Section        0  entry.o(.ARM.Collect$$$$00000000)
    .ARM.Collect$$$$00000001                 0x08000130   Section        4  entry2.o(.ARM.Collect$$$$00000001)
    .ARM.Collect$$$$00000004                 0x08000134   Section        4  entry5.o(.ARM.Collect$$$$00000004)
    .ARM.Collect$$$$00000008                 0x08000138   Section        0  entry7b.o(.ARM.Collect$$$$00000008)
    .ARM.Collect$$$$0000000A                 0x08000138   Section        0  entry8b.o(.ARM.Collect$$$$0000000A)
    .ARM.Collect$$$$0000000B                 0x08000138   Section        8  entry9a.o(.ARM.Collect$$$$0000000B)
    .ARM.Collect$$$$0000000D                 0x08000140   Section        0  entry10a.o(.ARM.Collect$$$$0000000D)
    .ARM.Collect$$$$0000000F                 0x08000140   Section        0  entry11a.o(.ARM.Collect$$$$0000000F)
    .ARM.Collect$$$$00002712                 0x08000140   Section        4  entry2.o(.ARM.Collect$$$$00002712)
    __lit__00000000                          0x08000140   Data           4  entry2.o(.ARM.Collect$$$$00002712)
    .text                                    0x08000144   Section       36  startup_stm32f10x_hd.o(.text)
    .text                                    0x08000168   Section        0  system_stm32f10x.o(.text)
    SetSysClockTo72                          0x08000169   Thumb Code   212  system_stm32f10x.o(.text)
    SetSysClock                              0x0800023d   Thumb Code     8  system_stm32f10x.o(.text)
    .text                                    0x08000344   Section        0  misc.o(.text)
    .text                                    0x08000420   Section        0  stm32f10x_gpio.o(.text)
    .text                                    0x08000778   Section        0  stm32f10x_rcc.o(.text)
    .text                                    0x08000b1c   Section        0  stm32f10x_tim.o(.text)
    TI4_Config                               0x08000fc3   Thumb Code   130  stm32f10x_tim.o(.text)
    TI3_Config                               0x08001057   Thumb Code   122  stm32f10x_tim.o(.text)
    TI2_Config                               0x080010eb   Thumb Code   130  stm32f10x_tim.o(.text)
    TI1_Config                               0x0800117f   Thumb Code   108  stm32f10x_tim.o(.text)
    .text                                    0x08001938   Section        0  stm32f10x_usart.o(.text)
    .text                                    0x08001d40   Section        0  main.o(.text)
    .text                                    0x08001e38   Section        0  stm32f10x_it.o(.text)
    .text                                    0x08001e54   Section        0  as608.o(.text)
    MYUSART_SendData                         0x08001e7b   Thumb Code    20  as608.o(.text)
    SendHead                                 0x08001e8f   Thumb Code    16  as608.o(.text)
    SendAddr                                 0x08001e9f   Thumb Code    46  as608.o(.text)
    SendFlag                                 0x08001ecd   Thumb Code    12  as608.o(.text)
    SendLength                               0x08001ed9   Thumb Code    20  as608.o(.text)
    Sendcmd                                  0x08001eed   Thumb Code    12  as608.o(.text)
    SendCheck                                0x08001ef9   Thumb Code    18  as608.o(.text)
    JudgeStr                                 0x08001f0b   Thumb Code   122  as608.o(.text)
    .text                                    0x0800290c   Section        0  esp8266_wifi.o(.text)
    ESP8266_write                            0x0800290d   Thumb Code    18  esp8266_wifi.o(.text)
    mDelay                                   0x08002933   Thumb Code    26  esp8266_wifi.o(.text)
    .text                                    0x08002cd0   Section        0  led.o(.text)
    .text                                    0x08002eec   Section        0  dh11.o(.text)
    DHT11_GPIO_Config                        0x08002eed   Thumb Code    38  dh11.o(.text)
    DHT11_Mode_IPU                           0x08002f23   Thumb Code    24  dh11.o(.text)
    DHT11_Mode_Out_PP                        0x08002f3b   Thumb Code    30  dh11.o(.text)
    DHT11_ReadByte                           0x08002f59   Thumb Code    90  dh11.o(.text)
    .text                                    0x08003050   Section        0  bmp280.o(.text)
    bmp280GetPressure                        0x080030b5   Thumb Code    68  bmp280.o(.text)
    bmp280CompensateT                        0x080030f9   Thumb Code    66  bmp280.o(.text)
    bmp280CompensateP                        0x0800313b   Thumb Code   428  bmp280.o(.text)
    presssureFilter                          0x080032e7   Thumb Code   240  bmp280.o(.text)
    bmp280PressureToAltitude                 0x080033d7   Thumb Code   182  bmp280.o(.text)
    .text                                    0x08003514   Section        0  bsp_i2c_gpio.o(.text)
    .text                                    0x08003898   Section        0  sim900a.o(.text)
    SIM_write                                0x08003899   Thumb Code    18  sim900a.o(.text)
    PromptMsgSendStr                         0x080038ab   Thumb Code    16  sim900a.o(.text)
    sim900a_send_char                        0x080038bb   Thumb Code    14  sim900a.o(.text)
    .text                                    0x080042a4   Section        0  lock.o(.text)
    .text                                    0x08004360   Section        0  delay.o(.text)
    .text                                    0x08004430   Section        0  timer.o(.text)
    .text                                    0x080044bc   Section        0  usart3_v2.o(.text)
    .text                                    0x08004638   Section        0  usart2_v2.o(.text)
    .text                                    0x080047b8   Section        0  usart1_v2.o(.text)
    .text                                    0x08004904   Section        0  finger.o(.text)
    LCD_ShowNum                              0x08004905   Thumb Code    32  finger.o(.text)
    Show_Str_Mid                             0x08004925   Thumb Code    24  finger.o(.text)
    ShowErrMessage                           0x0800493d   Thumb Code    30  finger.o(.text)
    .text                                    0x08005044   Section        0  cmd_ctrl.o(.text)
    .text                                    0x080050b4   Section        0  environment.o(.text)
    .text                                    0x080051b0   Section        0  lockapp.o(.text)
    .text                                    0x0800532c   Section        0  float2char.o(.text)
    .text                                    0x08005540   Section        0  ldiv.o(.text)
    .text                                    0x0800559a   Section        0  memseta.o(.text)
    .text                                    0x080055be   Section        0  strcat.o(.text)
    .text                                    0x080055d6   Section        0  strstr.o(.text)
    .text                                    0x080055fa   Section        0  strchr.o(.text)
    .text                                    0x0800560e   Section        0  strlen.o(.text)
    .text                                    0x0800561c   Section        0  strcpy.o(.text)
    .text                                    0x08005630   Section        0  strtok.o(.text)
    .text                                    0x08005674   Section        0  atoi.o(.text)
    .text                                    0x0800568e   Section        0  fadd.o(.text)
    .text                                    0x0800573e   Section        0  fmul.o(.text)
    .text                                    0x080057aa   Section        0  fdiv.o(.text)
    .text                                    0x0800582a   Section        0  dadd.o(.text)
    .text                                    0x08005978   Section        0  dmul.o(.text)
    .text                                    0x08005a5c   Section        0  ddiv.o(.text)
    .text                                    0x08005b3a   Section        0  fflti.o(.text)
    .text                                    0x08005b4c   Section        0  dflti.o(.text)
    .text                                    0x08005b6e   Section        0  dfltui.o(.text)
    .text                                    0x08005b88   Section        0  ffixi.o(.text)
    .text                                    0x08005bba   Section        0  f2d.o(.text)
    .text                                    0x08005be0   Section       40  cdcmple.o(.text)
    .text                                    0x08005c08   Section        0  d2f.o(.text)
    .text                                    0x08005c40   Section       20  cfcmple.o(.text)
    .text                                    0x08005c54   Section       20  cfrcmple.o(.text)
    .text                                    0x08005c68   Section        0  uidiv.o(.text)
    .text                                    0x08005c94   Section        0  uldiv.o(.text)
    .text                                    0x08005cf6   Section        0  llshl.o(.text)
    .text                                    0x08005d14   Section        0  llsshr.o(.text)
    .text                                    0x08005d38   Section        0  strtol.o(.text)
    .text                                    0x08005da8   Section        0  fepilogue.o(.text)
    .text                                    0x08005da8   Section        0  iusefp.o(.text)
    .text                                    0x08005e14   Section        0  depilogue.o(.text)
    .text                                    0x08005ed2   Section        0  dscalb.o(.text)
    .text                                    0x08005f00   Section        0  dfixul.o(.text)
    .text                                    0x08005f30   Section       40  cdrcmple.o(.text)
    .text                                    0x08005f58   Section       36  init.o(.text)
    .text                                    0x08005f7c   Section        0  llushr.o(.text)
    .text                                    0x08005f7c   Section        0  semi.o(.text)
    .text                                    0x08005f9c   Section        0  ctype_o.o(.text)
    .text                                    0x08005fa4   Section        0  _strtoul.o(.text)
    .text                                    0x08006042   Section        0  dsqrt.o(.text)
    .text                                    0x08006042   Section        0  iusesemip.o(.text)
    .text                                    0x080060e4   Section        0  _chval.o(.text)
    .text                                    0x08006100   Section        0  __dczerorl2.o(.text)
    i.__0printf$8                            0x0800615c   Section        0  printf8.o(i.__0printf$8)
    i.__0sprintf$8                           0x0800617c   Section        0  printf8.o(i.__0sprintf$8)
    i.__0vsprintf                            0x080061a4   Section        0  printfa.o(i.__0vsprintf)
    i.__ARM_fpclassify                       0x080061c8   Section        0  fpclassify.o(i.__ARM_fpclassify)
    i.__aeabi_errno_addr                     0x080061f0   Section        0  errno.o(i.__aeabi_errno_addr)
    i.__kernel_poly                          0x080061f8   Section        0  poly.o(i.__kernel_poly)
    i.__mathlib_dbl_underflow                0x080062a4   Section        0  dunder.o(i.__mathlib_dbl_underflow)
    i.__scatterload_copy                     0x080062b4   Section       14  handlers.o(i.__scatterload_copy)
    i.__scatterload_null                     0x080062c2   Section        2  handlers.o(i.__scatterload_null)
    i.__scatterload_zeroinit                 0x080062c4   Section       14  handlers.o(i.__scatterload_zeroinit)
    i.__set_errno                            0x080062d4   Section        0  errno.o(i.__set_errno)
    i._fp_digits                             0x080062e0   Section        0  printfa.o(i._fp_digits)
    _fp_digits                               0x080062e1   Thumb Code   326  printfa.o(i._fp_digits)
    i._printf_core                           0x0800643c   Section        0  printf8.o(i._printf_core)
    _printf_core                             0x0800643d   Thumb Code   988  printf8.o(i._printf_core)
    i._printf_core                           0x08006844   Section        0  printfa.o(i._printf_core)
    _printf_core                             0x08006845   Thumb Code  1762  printfa.o(i._printf_core)
    i._printf_post_padding                   0x08006f34   Section        0  printf8.o(i._printf_post_padding)
    _printf_post_padding                     0x08006f35   Thumb Code    38  printf8.o(i._printf_post_padding)
    i._printf_post_padding                   0x08006f5a   Section        0  printfa.o(i._printf_post_padding)
    _printf_post_padding                     0x08006f5b   Thumb Code    38  printfa.o(i._printf_post_padding)
    i._printf_pre_padding                    0x08006f80   Section        0  printf8.o(i._printf_pre_padding)
    _printf_pre_padding                      0x08006f81   Thumb Code    48  printf8.o(i._printf_pre_padding)
    i._printf_pre_padding                    0x08006fb0   Section        0  printfa.o(i._printf_pre_padding)
    _printf_pre_padding                      0x08006fb1   Thumb Code    48  printfa.o(i._printf_pre_padding)
    i._sputc                                 0x08006fe0   Section        0  printf8.o(i._sputc)
    _sputc                                   0x08006fe1   Thumb Code    10  printf8.o(i._sputc)
    i._sputc                                 0x08006fea   Section        0  printfa.o(i._sputc)
    _sputc                                   0x08006feb   Thumb Code    10  printfa.o(i._sputc)
    i.fputc                                  0x08006ff4   Section        0  fputc.o(i.fputc)
    i.pow                                    0x08007008   Section        0  pow.o(i.pow)
    i.sqrt                                   0x080079e8   Section        0  sqrt.o(i.sqrt)
    .constdata                               0x08007a38   Section      136  pow.o(.constdata)
    bp                                       0x08007a38   Data          16  pow.o(.constdata)
    dp_h                                     0x08007a48   Data          16  pow.o(.constdata)
    dp_l                                     0x08007a58   Data          16  pow.o(.constdata)
    L                                        0x08007a68   Data          48  pow.o(.constdata)
    P                                        0x08007a98   Data          40  pow.o(.constdata)
    .constdata                               0x08007ac0   Section        8  qnan.o(.constdata)
    .constdata                               0x08007ac8   Section      129  ctype_o.o(.constdata)
    .constdata                               0x08007b4c   Section        4  ctype_o.o(.constdata)
    table                                    0x08007b4c   Data           4  ctype_o.o(.constdata)
    .data                                    0x20000000   Section       20  system_stm32f10x.o(.data)
    .data                                    0x20000014   Section       20  stm32f10x_rcc.o(.data)
    APBAHBPrescTable                         0x20000014   Data          16  stm32f10x_rcc.o(.data)
    ADCPrescTable                            0x20000024   Data           4  stm32f10x_rcc.o(.data)
    .data                                    0x20000028   Section        4  as608.o(.data)
    .data                                    0x2000002c   Section        8  led.o(.data)
    .data                                    0x20000034   Section       24  bmp280.o(.data)
    bmp280ID                                 0x20000034   Data           1  bmp280.o(.data)
    isInit                                   0x20000035   Data           1  bmp280.o(.data)
    bmp280RawPressure                        0x20000038   Data           4  bmp280.o(.data)
    bmp280RawTemperature                     0x2000003c   Data           4  bmp280.o(.data)
    i                                        0x20000040   Data           1  bmp280.o(.data)
    t                                        0x20000044   Data           4  bmp280.o(.data)
    p                                        0x20000048   Data           4  bmp280.o(.data)
    .data                                    0x2000004c   Section      213  sim900a.o(.data)
    .data                                    0x20000124   Section        4  lock.o(.data)
    .data                                    0x20000128   Section        4  delay.o(.data)
    fac_us                                   0x20000128   Data           1  delay.o(.data)
    fac_ms                                   0x2000012a   Data           2  delay.o(.data)
    .data                                    0x2000012c   Section        2  usart3_v2.o(.data)
    .data                                    0x20000130   Section       12  usart2_v2.o(.data)
    .data                                    0x2000013c   Section       12  usart1_v2.o(.data)
    .data                                    0x20000148   Section       10  finger.o(.data)
    .data                                    0x20000152   Section       20  lockapp.o(.data)
    .data                                    0x20000168   Section        4  strtok.o(.data)
    state                                    0x20000168   Data           4  strtok.o(.data)
    .data                                    0x2000016c   Section        4  stdout.o(.data)
    .data                                    0x20000170   Section        4  errno.o(.data)
    _errno                                   0x20000170   Data           4  errno.o(.data)
    .bss                                     0x20000174   Section       48  bmp280.o(.bss)
    filter_buf                               0x20000174   Data          20  bmp280.o(.bss)
    .bss                                     0x200001a4   Section      800  usart3_v2.o(.bss)
    .bss                                     0x200004c4   Section     1280  usart2_v2.o(.bss)
    .bss                                     0x200009c4   Section     1536  usart1_v2.o(.bss)
    .bss                                     0x20000fc4   Section       12  finger.o(.bss)
    STACK                                    0x20000fd0   Section     1024  startup_stm32f10x_hd.o(STACK)

    Global Symbols

    Symbol Name                              Value     Ov Type        Size  Object(Section)

    BuildAttributes$$THM_ISAv4$P$D$K$B$S$PE$A:L22UL41UL21$X:L11$S22US41US21$IEEE1$IW$USESV6$~STKCKD$USESV7$~SHL$OTIME$ROPI$IEEEX$EBA8$MICROLIB$REQ8$PRES8$EABIv2 0x00000000   Number         0  anon$$obj.o ABSOLUTE
    __ARM_use_no_argv                        0x00000000   Number         0  main.o ABSOLUTE
    _printf_a                                0x00000000   Number         0  stubs.o ABSOLUTE
    _printf_c                                0x00000000   Number         0  stubs.o ABSOLUTE
    _printf_charcount                        0x00000000   Number         0  stubs.o ABSOLUTE
    _printf_d                                0x00000000   Number         0  stubs.o ABSOLUTE
    _printf_e                                0x00000000   Number         0  stubs.o ABSOLUTE
    _printf_f                                0x00000000   Number         0  stubs.o ABSOLUTE
    _printf_flags                            0x00000000   Number         0  stubs.o ABSOLUTE
    _printf_fp_dec                           0x00000000   Number         0  stubs.o ABSOLUTE
    _printf_fp_hex                           0x00000000   Number         0  stubs.o ABSOLUTE
    _printf_g                                0x00000000   Number         0  stubs.o ABSOLUTE
    _printf_i                                0x00000000   Number         0  stubs.o ABSOLUTE
    _printf_int_dec                          0x00000000   Number         0  stubs.o ABSOLUTE
    _printf_l                                0x00000000   Number         0  stubs.o ABSOLUTE
    _printf_lc                               0x00000000   Number         0  stubs.o ABSOLUTE
    _printf_ll                               0x00000000   Number         0  stubs.o ABSOLUTE
    _printf_lld                              0x00000000   Number         0  stubs.o ABSOLUTE
    _printf_lli                              0x00000000   Number         0  stubs.o ABSOLUTE
    _printf_llo                              0x00000000   Number         0  stubs.o ABSOLUTE
    _printf_llu                              0x00000000   Number         0  stubs.o ABSOLUTE
    _printf_llx                              0x00000000   Number         0  stubs.o ABSOLUTE
    _printf_longlong_dec                     0x00000000   Number         0  stubs.o ABSOLUTE
    _printf_longlong_hex                     0x00000000   Number         0  stubs.o ABSOLUTE
    _printf_longlong_oct                     0x00000000   Number         0  stubs.o ABSOLUTE
    _printf_ls                               0x00000000   Number         0  stubs.o ABSOLUTE
    _printf_mbtowc                           0x00000000   Number         0  stubs.o ABSOLUTE
    _printf_n                                0x00000000   Number         0  stubs.o ABSOLUTE
    _printf_o                                0x00000000   Number         0  stubs.o ABSOLUTE
    _printf_p                                0x00000000   Number         0  stubs.o ABSOLUTE
    _printf_percent                          0x00000000   Number         0  stubs.o ABSOLUTE
    _printf_pre_padding                      0x00000000   Number         0  stubs.o ABSOLUTE
    _printf_return_value                     0x00000000   Number         0  stubs.o ABSOLUTE
    _printf_s                                0x00000000   Number         0  stubs.o ABSOLUTE
    _printf_sizespec                         0x00000000   Number         0  stubs.o ABSOLUTE
    _printf_str                              0x00000000   Number         0  stubs.o ABSOLUTE
    _printf_truncate_signed                  0x00000000   Number         0  stubs.o ABSOLUTE
    _printf_truncate_unsigned                0x00000000   Number         0  stubs.o ABSOLUTE
    _printf_u                                0x00000000   Number         0  stubs.o ABSOLUTE
    _printf_wc                               0x00000000   Number         0  stubs.o ABSOLUTE
    _printf_wctomb                           0x00000000   Number         0  stubs.o ABSOLUTE
    _printf_widthprec                        0x00000000   Number         0  stubs.o ABSOLUTE
    _printf_x                                0x00000000   Number         0  stubs.o ABSOLUTE
    __cpp_initialize__aeabi_                  - Undefined Weak Reference
    __cxa_finalize                            - Undefined Weak Reference
    _clock_init                               - Undefined Weak Reference
    _microlib_exit                            - Undefined Weak Reference
    __Vectors_Size                           0x00000130   Number         0  startup_stm32f10x_hd.o ABSOLUTE
    __Vectors                                0x08000000   Data           4  startup_stm32f10x_hd.o(RESET)
    __Vectors_End                            0x08000130   Data           0  startup_stm32f10x_hd.o(RESET)
    __main                                   0x08000131   Thumb Code     0  entry.o(.ARM.Collect$$$$00000000)
    _main_stk                                0x08000131   Thumb Code     0  entry2.o(.ARM.Collect$$$$00000001)
    _main_scatterload                        0x08000135   Thumb Code     0  entry5.o(.ARM.Collect$$$$00000004)
    __main_after_scatterload                 0x08000139   Thumb Code     0  entry5.o(.ARM.Collect$$$$00000004)
    _main_clock                              0x08000139   Thumb Code     0  entry7b.o(.ARM.Collect$$$$00000008)
    _main_cpp_init                           0x08000139   Thumb Code     0  entry8b.o(.ARM.Collect$$$$0000000A)
    _main_init                               0x08000139   Thumb Code     0  entry9a.o(.ARM.Collect$$$$0000000B)
    __rt_final_cpp                           0x08000141   Thumb Code     0  entry10a.o(.ARM.Collect$$$$0000000D)
    __rt_final_exit                          0x08000141   Thumb Code     0  entry11a.o(.ARM.Collect$$$$0000000F)
    Reset_Handler                            0x08000145   Thumb Code     8  startup_stm32f10x_hd.o(.text)
    ADC1_2_IRQHandler                        0x0800015f   Thumb Code     0  startup_stm32f10x_hd.o(.text)
    ADC3_IRQHandler                          0x0800015f   Thumb Code     0  startup_stm32f10x_hd.o(.text)
    CAN1_RX1_IRQHandler                      0x0800015f   Thumb Code     0  startup_stm32f10x_hd.o(.text)
    CAN1_SCE_IRQHandler                      0x0800015f   Thumb Code     0  startup_stm32f10x_hd.o(.text)
    DMA1_Channel1_IRQHandler                 0x0800015f   Thumb Code     0  startup_stm32f10x_hd.o(.text)
    DMA1_Channel2_IRQHandler                 0x0800015f   Thumb Code     0  startup_stm32f10x_hd.o(.text)
    DMA1_Channel3_IRQHandler                 0x0800015f   Thumb Code     0  startup_stm32f10x_hd.o(.text)
    DMA1_Channel4_IRQHandler                 0x0800015f   Thumb Code     0  startup_stm32f10x_hd.o(.text)
    DMA1_Channel5_IRQHandler                 0x0800015f   Thumb Code     0  startup_stm32f10x_hd.o(.text)
    DMA1_Channel6_IRQHandler                 0x0800015f   Thumb Code     0  startup_stm32f10x_hd.o(.text)
    DMA1_Channel7_IRQHandler                 0x0800015f   Thumb Code     0  startup_stm32f10x_hd.o(.text)
    DMA2_Channel1_IRQHandler                 0x0800015f   Thumb Code     0  startup_stm32f10x_hd.o(.text)
    DMA2_Channel2_IRQHandler                 0x0800015f   Thumb Code     0  startup_stm32f10x_hd.o(.text)
    DMA2_Channel3_IRQHandler                 0x0800015f   Thumb Code     0  startup_stm32f10x_hd.o(.text)
    DMA2_Channel4_5_IRQHandler               0x0800015f   Thumb Code     0  startup_stm32f10x_hd.o(.text)
    EXTI0_IRQHandler                         0x0800015f   Thumb Code     0  startup_stm32f10x_hd.o(.text)
    EXTI15_10_IRQHandler                     0x0800015f   Thumb Code     0  startup_stm32f10x_hd.o(.text)
    EXTI1_IRQHandler                         0x0800015f   Thumb Code     0  startup_stm32f10x_hd.o(.text)
    EXTI2_IRQHandler                         0x0800015f   Thumb Code     0  startup_stm32f10x_hd.o(.text)
    EXTI3_IRQHandler                         0x0800015f   Thumb Code     0  startup_stm32f10x_hd.o(.text)
    EXTI4_IRQHandler                         0x0800015f   Thumb Code     0  startup_stm32f10x_hd.o(.text)
    EXTI9_5_IRQHandler                       0x0800015f   Thumb Code     0  startup_stm32f10x_hd.o(.text)
    FLASH_IRQHandler                         0x0800015f   Thumb Code     0  startup_stm32f10x_hd.o(.text)
    FSMC_IRQHandler                          0x0800015f   Thumb Code     0  startup_stm32f10x_hd.o(.text)
    I2C1_ER_IRQHandler                       0x0800015f   Thumb Code     0  startup_stm32f10x_hd.o(.text)
    I2C1_EV_IRQHandler                       0x0800015f   Thumb Code     0  startup_stm32f10x_hd.o(.text)
    I2C2_ER_IRQHandler                       0x0800015f   Thumb Code     0  startup_stm32f10x_hd.o(.text)
    I2C2_EV_IRQHandler                       0x0800015f   Thumb Code     0  startup_stm32f10x_hd.o(.text)
    PVD_IRQHandler                           0x0800015f   Thumb Code     0  startup_stm32f10x_hd.o(.text)
    RCC_IRQHandler                           0x0800015f   Thumb Code     0  startup_stm32f10x_hd.o(.text)
    RTCAlarm_IRQHandler                      0x0800015f   Thumb Code     0  startup_stm32f10x_hd.o(.text)
    RTC_IRQHandler                           0x0800015f   Thumb Code     0  startup_stm32f10x_hd.o(.text)
    SDIO_IRQHandler                          0x0800015f   Thumb Code     0  startup_stm32f10x_hd.o(.text)
    SPI1_IRQHandler                          0x0800015f   Thumb Code     0  startup_stm32f10x_hd.o(.text)
    SPI2_IRQHandler                          0x0800015f   Thumb Code     0  startup_stm32f10x_hd.o(.text)
    SPI3_IRQHandler                          0x0800015f   Thumb Code     0  startup_stm32f10x_hd.o(.text)
    TAMPER_IRQHandler                        0x0800015f   Thumb Code     0  startup_stm32f10x_hd.o(.text)
    TIM1_BRK_IRQHandler                      0x0800015f   Thumb Code     0  startup_stm32f10x_hd.o(.text)
    TIM1_CC_IRQHandler                       0x0800015f   Thumb Code     0  startup_stm32f10x_hd.o(.text)
    TIM1_TRG_COM_IRQHandler                  0x0800015f   Thumb Code     0  startup_stm32f10x_hd.o(.text)
    TIM1_UP_IRQHandler                       0x0800015f   Thumb Code     0  startup_stm32f10x_hd.o(.text)
    TIM2_IRQHandler                          0x0800015f   Thumb Code     0  startup_stm32f10x_hd.o(.text)
    TIM3_IRQHandler                          0x0800015f   Thumb Code     0  startup_stm32f10x_hd.o(.text)
    TIM5_IRQHandler                          0x0800015f   Thumb Code     0  startup_stm32f10x_hd.o(.text)
    TIM6_IRQHandler                          0x0800015f   Thumb Code     0  startup_stm32f10x_hd.o(.text)
    TIM7_IRQHandler                          0x0800015f   Thumb Code     0  startup_stm32f10x_hd.o(.text)
    TIM8_BRK_IRQHandler                      0x0800015f   Thumb Code     0  startup_stm32f10x_hd.o(.text)
    TIM8_CC_IRQHandler                       0x0800015f   Thumb Code     0  startup_stm32f10x_hd.o(.text)
    TIM8_TRG_COM_IRQHandler                  0x0800015f   Thumb Code     0  startup_stm32f10x_hd.o(.text)
    TIM8_UP_IRQHandler                       0x0800015f   Thumb Code     0  startup_stm32f10x_hd.o(.text)
    UART4_IRQHandler                         0x0800015f   Thumb Code     0  startup_stm32f10x_hd.o(.text)
    UART5_IRQHandler                         0x0800015f   Thumb Code     0  startup_stm32f10x_hd.o(.text)
    USBWakeUp_IRQHandler                     0x0800015f   Thumb Code     0  startup_stm32f10x_hd.o(.text)
    USB_HP_CAN1_TX_IRQHandler                0x0800015f   Thumb Code     0  startup_stm32f10x_hd.o(.text)
    USB_LP_CAN1_RX0_IRQHandler               0x0800015f   Thumb Code     0  startup_stm32f10x_hd.o(.text)
    WWDG_IRQHandler                          0x0800015f   Thumb Code     0  startup_stm32f10x_hd.o(.text)
    SystemInit                               0x08000245   Thumb Code    78  system_stm32f10x.o(.text)
    SystemCoreClockUpdate                    0x08000293   Thumb Code   142  system_stm32f10x.o(.text)
    NVIC_PriorityGroupConfig                 0x08000345   Thumb Code    10  misc.o(.text)
    NVIC_Init                                0x0800034f   Thumb Code   102  misc.o(.text)
    NVIC_SetVectorTable                      0x080003b5   Thumb Code    14  misc.o(.text)
    NVIC_SystemLPConfig                      0x080003c3   Thumb Code    34  misc.o(.text)
    SysTick_CLKSourceConfig                  0x080003e5   Thumb Code    40  misc.o(.text)
    GPIO_DeInit                              0x08000421   Thumb Code   172  stm32f10x_gpio.o(.text)
    GPIO_AFIODeInit                          0x080004cd   Thumb Code    20  stm32f10x_gpio.o(.text)
    GPIO_Init                                0x080004e1   Thumb Code   274  stm32f10x_gpio.o(.text)
    GPIO_StructInit                          0x080005f3   Thumb Code    16  stm32f10x_gpio.o(.text)
    GPIO_ReadInputDataBit                    0x08000603   Thumb Code    18  stm32f10x_gpio.o(.text)
    GPIO_ReadInputData                       0x08000615   Thumb Code     8  stm32f10x_gpio.o(.text)
    GPIO_ReadOutputDataBit                   0x0800061d   Thumb Code    18  stm32f10x_gpio.o(.text)
    GPIO_ReadOutputData                      0x0800062f   Thumb Code     8  stm32f10x_gpio.o(.text)
    GPIO_SetBits                             0x08000637   Thumb Code     4  stm32f10x_gpio.o(.text)
    GPIO_ResetBits                           0x0800063b   Thumb Code     4  stm32f10x_gpio.o(.text)
    GPIO_WriteBit                            0x0800063f   Thumb Code    10  stm32f10x_gpio.o(.text)
    GPIO_Write                               0x08000649   Thumb Code     4  stm32f10x_gpio.o(.text)
    GPIO_PinLockConfig                       0x0800064d   Thumb Code    18  stm32f10x_gpio.o(.text)
    GPIO_EventOutputConfig                   0x0800065f   Thumb Code    26  stm32f10x_gpio.o(.text)
    GPIO_EventOutputCmd                      0x08000679   Thumb Code     6  stm32f10x_gpio.o(.text)
    GPIO_PinRemapConfig                      0x0800067f   Thumb Code   138  stm32f10x_gpio.o(.text)
    GPIO_EXTILineConfig                      0x08000709   Thumb Code    66  stm32f10x_gpio.o(.text)
    GPIO_ETH_MediaInterfaceConfig            0x0800074b   Thumb Code     6  stm32f10x_gpio.o(.text)
    RCC_DeInit                               0x08000779   Thumb Code    64  stm32f10x_rcc.o(.text)
    RCC_HSEConfig                            0x080007b9   Thumb Code    70  stm32f10x_rcc.o(.text)
    RCC_GetFlagStatus                        0x080007ff   Thumb Code    56  stm32f10x_rcc.o(.text)
    RCC_WaitForHSEStartUp                    0x08000837   Thumb Code    56  stm32f10x_rcc.o(.text)
    RCC_AdjustHSICalibrationValue            0x0800086f   Thumb Code    20  stm32f10x_rcc.o(.text)
    RCC_HSICmd                               0x08000883   Thumb Code     6  stm32f10x_rcc.o(.text)
    RCC_PLLConfig                            0x08000889   Thumb Code    24  stm32f10x_rcc.o(.text)
    RCC_PLLCmd                               0x080008a1   Thumb Code     6  stm32f10x_rcc.o(.text)
    RCC_SYSCLKConfig                         0x080008a7   Thumb Code    18  stm32f10x_rcc.o(.text)
    RCC_GetSYSCLKSource                      0x080008b9   Thumb Code    10  stm32f10x_rcc.o(.text)
    RCC_HCLKConfig                           0x080008c3   Thumb Code    18  stm32f10x_rcc.o(.text)
    RCC_PCLK1Config                          0x080008d5   Thumb Code    18  stm32f10x_rcc.o(.text)
    RCC_PCLK2Config                          0x080008e7   Thumb Code    20  stm32f10x_rcc.o(.text)
    RCC_ITConfig                             0x080008fb   Thumb Code    26  stm32f10x_rcc.o(.text)
    RCC_USBCLKConfig                         0x08000915   Thumb Code     6  stm32f10x_rcc.o(.text)
    RCC_ADCCLKConfig                         0x0800091b   Thumb Code    18  stm32f10x_rcc.o(.text)
    RCC_LSEConfig                            0x0800092d   Thumb Code    44  stm32f10x_rcc.o(.text)
    RCC_LSICmd                               0x08000959   Thumb Code     6  stm32f10x_rcc.o(.text)
    RCC_RTCCLKConfig                         0x0800095f   Thumb Code    12  stm32f10x_rcc.o(.text)
    RCC_RTCCLKCmd                            0x0800096b   Thumb Code     8  stm32f10x_rcc.o(.text)
    RCC_GetClocksFreq                        0x08000973   Thumb Code   192  stm32f10x_rcc.o(.text)
    RCC_AHBPeriphClockCmd                    0x08000a33   Thumb Code    26  stm32f10x_rcc.o(.text)
    RCC_APB2PeriphClockCmd                   0x08000a4d   Thumb Code    26  stm32f10x_rcc.o(.text)
    RCC_APB1PeriphClockCmd                   0x08000a67   Thumb Code    26  stm32f10x_rcc.o(.text)
    RCC_APB2PeriphResetCmd                   0x08000a81   Thumb Code    26  stm32f10x_rcc.o(.text)
    RCC_APB1PeriphResetCmd                   0x08000a9b   Thumb Code    26  stm32f10x_rcc.o(.text)
    RCC_BackupResetCmd                       0x08000ab5   Thumb Code     8  stm32f10x_rcc.o(.text)
    RCC_ClockSecuritySystemCmd               0x08000abd   Thumb Code     6  stm32f10x_rcc.o(.text)
    RCC_MCOConfig                            0x08000ac3   Thumb Code     6  stm32f10x_rcc.o(.text)
    RCC_ClearFlag                            0x08000ac9   Thumb Code    14  stm32f10x_rcc.o(.text)
    RCC_GetITStatus                          0x08000ad7   Thumb Code    20  stm32f10x_rcc.o(.text)
    RCC_ClearITPendingBit                    0x08000aeb   Thumb Code     6  stm32f10x_rcc.o(.text)
    TIM_DeInit                               0x08000b1d   Thumb Code   424  stm32f10x_tim.o(.text)
    TIM_TimeBaseInit                         0x08000cc5   Thumb Code   122  stm32f10x_tim.o(.text)
    TIM_OC1Init                              0x08000d3f   Thumb Code   132  stm32f10x_tim.o(.text)
    TIM_OC2Init                              0x08000dc3   Thumb Code   154  stm32f10x_tim.o(.text)
    TIM_OC3Init                              0x08000e5d   Thumb Code   150  stm32f10x_tim.o(.text)
    TIM_OC4Init                              0x08000ef3   Thumb Code   182  stm32f10x_tim.o(.text)
    TIM_SetIC4Prescaler                      0x08000fa9   Thumb Code    26  stm32f10x_tim.o(.text)
    TIM_SetIC3Prescaler                      0x08001045   Thumb Code    18  stm32f10x_tim.o(.text)
    TIM_SetIC2Prescaler                      0x080010d1   Thumb Code    26  stm32f10x_tim.o(.text)
    TIM_SetIC1Prescaler                      0x0800116d   Thumb Code    18  stm32f10x_tim.o(.text)
    TIM_ICInit                               0x080011eb   Thumb Code   150  stm32f10x_tim.o(.text)
    TIM_PWMIConfig                           0x08001281   Thumb Code   124  stm32f10x_tim.o(.text)
    TIM_BDTRConfig                           0x080012fd   Thumb Code    32  stm32f10x_tim.o(.text)
    TIM_TimeBaseStructInit                   0x0800131d   Thumb Code    18  stm32f10x_tim.o(.text)
    TIM_OCStructInit                         0x0800132f   Thumb Code    20  stm32f10x_tim.o(.text)
    TIM_ICStructInit                         0x08001343   Thumb Code    18  stm32f10x_tim.o(.text)
    TIM_BDTRStructInit                       0x08001355   Thumb Code    40  stm32f10x_tim.o(.text)
    TIM_Cmd                                  0x0800137d   Thumb Code    24  stm32f10x_tim.o(.text)
    TIM_CtrlPWMOutputs                       0x08001395   Thumb Code    30  stm32f10x_tim.o(.text)
    TIM_ITConfig                             0x080013b3   Thumb Code    18  stm32f10x_tim.o(.text)
    TIM_GenerateEvent                        0x080013c5   Thumb Code     4  stm32f10x_tim.o(.text)
    TIM_DMAConfig                            0x080013c9   Thumb Code    10  stm32f10x_tim.o(.text)
    TIM_DMACmd                               0x080013d3   Thumb Code    18  stm32f10x_tim.o(.text)
    TIM_InternalClockConfig                  0x080013e5   Thumb Code    12  stm32f10x_tim.o(.text)
    TIM_SelectInputTrigger                   0x080013f1   Thumb Code    18  stm32f10x_tim.o(.text)
    TIM_ITRxExternalClockConfig              0x08001403   Thumb Code    24  stm32f10x_tim.o(.text)
    TIM_TIxExternalClockConfig               0x0800141b   Thumb Code    62  stm32f10x_tim.o(.text)
    TIM_ETRConfig                            0x08001459   Thumb Code    28  stm32f10x_tim.o(.text)
    TIM_ETRClockMode1Config                  0x08001475   Thumb Code    54  stm32f10x_tim.o(.text)
    TIM_ETRClockMode2Config                  0x080014ab   Thumb Code    32  stm32f10x_tim.o(.text)
    TIM_PrescalerConfig                      0x080014cb   Thumb Code     6  stm32f10x_tim.o(.text)
    TIM_CounterModeConfig                    0x080014d1   Thumb Code    18  stm32f10x_tim.o(.text)
    TIM_EncoderInterfaceConfig               0x080014e3   Thumb Code    66  stm32f10x_tim.o(.text)
    TIM_ForcedOC1Config                      0x08001525   Thumb Code    18  stm32f10x_tim.o(.text)
    TIM_ForcedOC2Config                      0x08001537   Thumb Code    26  stm32f10x_tim.o(.text)
    TIM_ForcedOC3Config                      0x08001551   Thumb Code    18  stm32f10x_tim.o(.text)
    TIM_ForcedOC4Config                      0x08001563   Thumb Code    26  stm32f10x_tim.o(.text)
    TIM_ARRPreloadConfig                     0x0800157d   Thumb Code    24  stm32f10x_tim.o(.text)
    TIM_SelectCOM                            0x08001595   Thumb Code    24  stm32f10x_tim.o(.text)
    TIM_SelectCCDMA                          0x080015ad   Thumb Code    24  stm32f10x_tim.o(.text)
    TIM_CCPreloadControl                     0x080015c5   Thumb Code    24  stm32f10x_tim.o(.text)
    TIM_OC1PreloadConfig                     0x080015dd   Thumb Code    18  stm32f10x_tim.o(.text)
    TIM_OC2PreloadConfig                     0x080015ef   Thumb Code    26  stm32f10x_tim.o(.text)
    TIM_OC3PreloadConfig                     0x08001609   Thumb Code    18  stm32f10x_tim.o(.text)
    TIM_OC4PreloadConfig                     0x0800161b   Thumb Code    26  stm32f10x_tim.o(.text)
    TIM_OC1FastConfig                        0x08001635   Thumb Code    18  stm32f10x_tim.o(.text)
    TIM_OC2FastConfig                        0x08001647   Thumb Code    26  stm32f10x_tim.o(.text)
    TIM_OC3FastConfig                        0x08001661   Thumb Code    18  stm32f10x_tim.o(.text)
    TIM_OC4FastConfig                        0x08001673   Thumb Code    26  stm32f10x_tim.o(.text)
    TIM_ClearOC1Ref                          0x0800168d   Thumb Code    18  stm32f10x_tim.o(.text)
    TIM_ClearOC2Ref                          0x0800169f   Thumb Code    24  stm32f10x_tim.o(.text)
    TIM_ClearOC3Ref                          0x080016b7   Thumb Code    18  stm32f10x_tim.o(.text)
    TIM_ClearOC4Ref                          0x080016c9   Thumb Code    24  stm32f10x_tim.o(.text)
    TIM_OC1PolarityConfig                    0x080016e1   Thumb Code    18  stm32f10x_tim.o(.text)
    TIM_OC1NPolarityConfig                   0x080016f3   Thumb Code    18  stm32f10x_tim.o(.text)
    TIM_OC2PolarityConfig                    0x08001705   Thumb Code    26  stm32f10x_tim.o(.text)
    TIM_OC2NPolarityConfig                   0x0800171f   Thumb Code    26  stm32f10x_tim.o(.text)
    TIM_OC3PolarityConfig                    0x08001739   Thumb Code    26  stm32f10x_tim.o(.text)
    TIM_OC3NPolarityConfig                   0x08001753   Thumb Code    26  stm32f10x_tim.o(.text)
    TIM_OC4PolarityConfig                    0x0800176d   Thumb Code    26  stm32f10x_tim.o(.text)
    TIM_CCxCmd                               0x08001787   Thumb Code    30  stm32f10x_tim.o(.text)
    TIM_CCxNCmd                              0x080017a5   Thumb Code    30  stm32f10x_tim.o(.text)
    TIM_SelectOCxM                           0x080017c3   Thumb Code    82  stm32f10x_tim.o(.text)
    TIM_UpdateDisableConfig                  0x08001815   Thumb Code    24  stm32f10x_tim.o(.text)
    TIM_UpdateRequestConfig                  0x0800182d   Thumb Code    24  stm32f10x_tim.o(.text)
    TIM_SelectHallSensor                     0x08001845   Thumb Code    24  stm32f10x_tim.o(.text)
    TIM_SelectOnePulseMode                   0x0800185d   Thumb Code    18  stm32f10x_tim.o(.text)
    TIM_SelectOutputTrigger                  0x0800186f   Thumb Code    18  stm32f10x_tim.o(.text)
    TIM_SelectSlaveMode                      0x08001881   Thumb Code    18  stm32f10x_tim.o(.text)
    TIM_SelectMasterSlaveMode                0x08001893   Thumb Code    18  stm32f10x_tim.o(.text)
    TIM_SetCounter                           0x080018a5   Thumb Code     4  stm32f10x_tim.o(.text)
    TIM_SetAutoreload                        0x080018a9   Thumb Code     4  stm32f10x_tim.o(.text)
    TIM_SetCompare1                          0x080018ad   Thumb Code     4  stm32f10x_tim.o(.text)
    TIM_SetCompare2                          0x080018b1   Thumb Code     4  stm32f10x_tim.o(.text)
    TIM_SetCompare3                          0x080018b5   Thumb Code     4  stm32f10x_tim.o(.text)
    TIM_SetCompare4                          0x080018b9   Thumb Code     6  stm32f10x_tim.o(.text)
    TIM_SetClockDivision                     0x080018bf   Thumb Code    18  stm32f10x_tim.o(.text)
    TIM_GetCapture1                          0x080018d1   Thumb Code     6  stm32f10x_tim.o(.text)
    TIM_GetCapture2                          0x080018d7   Thumb Code     6  stm32f10x_tim.o(.text)
    TIM_GetCapture3                          0x080018dd   Thumb Code     6  stm32f10x_tim.o(.text)
    TIM_GetCapture4                          0x080018e3   Thumb Code     8  stm32f10x_tim.o(.text)
    TIM_GetCounter                           0x080018eb   Thumb Code     6  stm32f10x_tim.o(.text)
    TIM_GetPrescaler                         0x080018f1   Thumb Code     6  stm32f10x_tim.o(.text)
    TIM_GetFlagStatus                        0x080018f7   Thumb Code    18  stm32f10x_tim.o(.text)
    TIM_ClearFlag                            0x08001909   Thumb Code     6  stm32f10x_tim.o(.text)
    TIM_GetITStatus                          0x0800190f   Thumb Code    34  stm32f10x_tim.o(.text)
    TIM_ClearITPendingBit                    0x08001931   Thumb Code     6  stm32f10x_tim.o(.text)
    USART_DeInit                             0x08001939   Thumb Code   134  stm32f10x_usart.o(.text)
    USART_Init                               0x080019bf   Thumb Code   210  stm32f10x_usart.o(.text)
    USART_StructInit                         0x08001a91   Thumb Code    24  stm32f10x_usart.o(.text)
    USART_ClockInit                          0x08001aa9   Thumb Code    34  stm32f10x_usart.o(.text)
    USART_ClockStructInit                    0x08001acb   Thumb Code    12  stm32f10x_usart.o(.text)
    USART_Cmd                                0x08001ad7   Thumb Code    24  stm32f10x_usart.o(.text)
    USART_ITConfig                           0x08001aef   Thumb Code    74  stm32f10x_usart.o(.text)
    USART_DMACmd                             0x08001b39   Thumb Code    18  stm32f10x_usart.o(.text)
    USART_SetAddress                         0x08001b4b   Thumb Code    18  stm32f10x_usart.o(.text)
    USART_WakeUpConfig                       0x08001b5d   Thumb Code    18  stm32f10x_usart.o(.text)
    USART_ReceiverWakeUpCmd                  0x08001b6f   Thumb Code    24  stm32f10x_usart.o(.text)
    USART_LINBreakDetectLengthConfig         0x08001b87   Thumb Code    18  stm32f10x_usart.o(.text)
    USART_LINCmd                             0x08001b99   Thumb Code    24  stm32f10x_usart.o(.text)
    USART_SendData                           0x08001bb1   Thumb Code     8  stm32f10x_usart.o(.text)
    USART_ReceiveData                        0x08001bb9   Thumb Code    10  stm32f10x_usart.o(.text)
    USART_SendBreak                          0x08001bc3   Thumb Code    10  stm32f10x_usart.o(.text)
    USART_SetGuardTime                       0x08001bcd   Thumb Code    16  stm32f10x_usart.o(.text)
    USART_SetPrescaler                       0x08001bdd   Thumb Code    16  stm32f10x_usart.o(.text)
    USART_SmartCardCmd                       0x08001bed   Thumb Code    24  stm32f10x_usart.o(.text)
    USART_SmartCardNACKCmd                   0x08001c05   Thumb Code    24  stm32f10x_usart.o(.text)
    USART_HalfDuplexCmd                      0x08001c1d   Thumb Code    24  stm32f10x_usart.o(.text)
    USART_OverSampling8Cmd                   0x08001c35   Thumb Code    22  stm32f10x_usart.o(.text)
    USART_OneBitMethodCmd                    0x08001c4b   Thumb Code    24  stm32f10x_usart.o(.text)
    USART_IrDAConfig                         0x08001c63   Thumb Code    18  stm32f10x_usart.o(.text)
    USART_IrDACmd                            0x08001c75   Thumb Code    24  stm32f10x_usart.o(.text)
    USART_GetFlagStatus                      0x08001c8d   Thumb Code    26  stm32f10x_usart.o(.text)
    USART_ClearFlag                          0x08001ca7   Thumb Code    18  stm32f10x_usart.o(.text)
    USART_GetITStatus                        0x08001cb9   Thumb Code    84  stm32f10x_usart.o(.text)
    USART_ClearITPendingBit                  0x08001d0d   Thumb Code    52  stm32f10x_usart.o(.text)
    main                                     0x08001d41   Thumb Code   150  main.o(.text)
    NMI_Handler                              0x08001e39   Thumb Code     2  stm32f10x_it.o(.text)
    HardFault_Handler                        0x08001e3b   Thumb Code     4  stm32f10x_it.o(.text)
    MemManage_Handler                        0x08001e3f   Thumb Code     4  stm32f10x_it.o(.text)
    BusFault_Handler                         0x08001e43   Thumb Code     4  stm32f10x_it.o(.text)
    UsageFault_Handler                       0x08001e47   Thumb Code     4  stm32f10x_it.o(.text)
    SVC_Handler                              0x08001e4b   Thumb Code     2  stm32f10x_it.o(.text)
    DebugMon_Handler                         0x08001e4d   Thumb Code     2  stm32f10x_it.o(.text)
    PendSV_Handler                           0x08001e4f   Thumb Code     2  stm32f10x_it.o(.text)
    SysTick_Handler                          0x08001e51   Thumb Code     2  stm32f10x_it.o(.text)
    PS_StaGPIO_Init                          0x08001e55   Thumb Code    38  as608.o(.text)
    PS_GetImage                              0x08001f85   Thumb Code    58  as608.o(.text)
    PS_GenChar                               0x08001fbf   Thumb Code    70  as608.o(.text)
    PS_Match                                 0x08002005   Thumb Code    58  as608.o(.text)
    PS_Search                                0x0800203f   Thumb Code   144  as608.o(.text)
    PS_RegModel                              0x080020cf   Thumb Code    58  as608.o(.text)
    PS_StoreChar                             0x08002109   Thumb Code    96  as608.o(.text)
    PS_DeletChar                             0x08002169   Thumb Code   108  as608.o(.text)
    PS_Empty                                 0x080021d5   Thumb Code    58  as608.o(.text)
    EnsureMessage                            0x0800220f   Thumb Code   256  as608.o(.text)
    PS_WriteReg                              0x0800230f   Thumb Code   108  as608.o(.text)
    PS_ReadSysPara                           0x0800237b   Thumb Code   168  as608.o(.text)
    PS_SetAddr                               0x08002423   Thumb Code   146  as608.o(.text)
    PS_WriteNotepad                          0x080024b5   Thumb Code   106  as608.o(.text)
    PS_ReadNotepad                           0x0800251f   Thumb Code   606  as608.o(.text)
    PS_HighSpeedSearch                       0x0800277d   Thumb Code   144  as608.o(.text)
    PS_ValidTempleteNum                      0x0800280d   Thumb Code   108  as608.o(.text)
    PS_HandShake                             0x08002879   Thumb Code   120  as608.o(.text)
    ESP8266_Rcv_Clr                          0x0800291f   Thumb Code    20  esp8266_wifi.o(.text)
    SendCmd                                  0x0800294d   Thumb Code    76  esp8266_wifi.o(.text)
    ESP8266_Rst                              0x08002999   Thumb Code    66  esp8266_wifi.o(.text)
    ESP8266_AP_Init                          0x080029db   Thumb Code    92  esp8266_wifi.o(.text)
    ESP8266_printf                           0x08002a37   Thumb Code   170  esp8266_wifi.o(.text)
    ESP8266_sprintf                          0x08002ae1   Thumb Code    42  esp8266_wifi.o(.text)
    ESP8266_SendLenStr                       0x08002b0b   Thumb Code   164  esp8266_wifi.o(.text)
    TCP_SendData_test                        0x08002baf   Thumb Code    74  esp8266_wifi.o(.text)
    LED_Init                                 0x08002cd1   Thumb Code    40  led.o(.text)
    led_off                                  0x08002cf9   Thumb Code    40  led.o(.text)
    LED_CmdCtl                               0x08002d21   Thumb Code   340  led.o(.text)
    DHT11_Init                               0x08002f13   Thumb Code    16  dh11.o(.text)
    DHT11_Read_TempAndHumidity               0x08002fb3   Thumb Code   154  dh11.o(.text)
    bmp280Init                               0x08003051   Thumb Code   100  bmp280.o(.text)
    bmp280GetData                            0x0800348d   Thumb Code   112  bmp280.o(.text)
    IIC_Init                                 0x08003515   Thumb Code    52  bsp_i2c_gpio.o(.text)
    IIC_Start                                0x08003549   Thumb Code    68  bsp_i2c_gpio.o(.text)
    IIC_Stop                                 0x0800358d   Thumb Code    66  bsp_i2c_gpio.o(.text)
    IIC_Wait_Ack                             0x080035cf   Thumb Code    82  bsp_i2c_gpio.o(.text)
    IIC_Ack                                  0x08003621   Thumb Code    72  bsp_i2c_gpio.o(.text)
    IIC_NAck                                 0x08003669   Thumb Code    72  bsp_i2c_gpio.o(.text)
    IIC_Send_Byte                            0x080036b1   Thumb Code    96  bsp_i2c_gpio.o(.text)
    IIC_Read_Byte                            0x08003711   Thumb Code    98  bsp_i2c_gpio.o(.text)
    iicDevReadByte                           0x08003773   Thumb Code    64  bsp_i2c_gpio.o(.text)
    iicDevRead                               0x080037b3   Thumb Code    96  bsp_i2c_gpio.o(.text)
    iicDevWriteByte                          0x08003813   Thumb Code    48  bsp_i2c_gpio.o(.text)
    iicDevWrite                              0x08003843   Thumb Code    66  bsp_i2c_gpio.o(.text)
    sim900a_send_cmd                         0x080038c9   Thumb Code   104  sim900a.o(.text)
    sim900a_send_cmd_char                    0x08003931   Thumb Code    88  sim900a.o(.text)
    sim900a_work_test                        0x08003989   Thumb Code   102  sim900a.o(.text)
    GSM_Dect                                 0x080039ef   Thumb Code    88  sim900a.o(.text)
    SIM_MAKE_CALL                            0x08003a47   Thumb Code    38  sim900a.o(.text)
    sim900a_send_chmessage_zc                0x08003a6d   Thumb Code   118  sim900a.o(.text)
    sim808_open_gps                          0x08003ae3   Thumb Code    22  sim900a.o(.text)
    sim900a_word_test                        0x08003af9   Thumb Code    88  sim900a.o(.text)
    SIM808_GPS_HANDLE                        0x08003b51   Thumb Code   260  sim900a.o(.text)
    Wait_CREG                                0x08003c55   Thumb Code   520  sim900a.o(.text)
    Set_Text_Mode                            0x08003e5d   Thumb Code    74  sim900a.o(.text)
    Send_Text_Sms                            0x08003ea7   Thumb Code   112  sim900a.o(.text)
    SendSinaMsg                              0x08003f17   Thumb Code   122  sim900a.o(.text)
    SIM_Ctrl                                 0x08003f91   Thumb Code   168  sim900a.o(.text)
    RcvMsgInit                               0x08004039   Thumb Code    98  sim900a.o(.text)
    RcvMsg_Ctrl                              0x0800409b   Thumb Code   188  sim900a.o(.text)
    LockPinInit                              0x080042a5   Thumb Code    42  lock.o(.text)
    LockOpen                                 0x080042cf   Thumb Code    66  lock.o(.text)
    LockClose                                0x08004311   Thumb Code    66  lock.o(.text)
    delay_init                               0x08004361   Thumb Code    50  delay.o(.text)
    delay_us                                 0x08004393   Thumb Code    70  delay.o(.text)
    delay_ms                                 0x080043d9   Thumb Code    70  delay.o(.text)
    TIM4_IRQHandler                          0x08004431   Thumb Code    42  timer.o(.text)
    TIM4_Int_Init                            0x0800445b   Thumb Code    90  timer.o(.text)
    USART3_IRQHandler                        0x080044bd   Thumb Code    94  usart3_v2.o(.text)
    usart3_init                              0x0800451b   Thumb Code   190  usart3_v2.o(.text)
    u3_printf                                0x080045d9   Thumb Code    72  usart3_v2.o(.text)
    USART2_Init                              0x08004639   Thumb Code   156  usart2_v2.o(.text)
    usart2_write                             0x080046d5   Thumb Code    56  usart2_v2.o(.text)
    USART2_Cmd_Clr                           0x0800470d   Thumb Code    26  usart2_v2.o(.text)
    USART2_IRQHandler                        0x08004727   Thumb Code   114  usart2_v2.o(.text)
    USART1_Init                              0x080047b9   Thumb Code   162  usart1_v2.o(.text)
    usart1_write                             0x0800485b   Thumb Code    56  usart1_v2.o(.text)
    u1_printf                                0x08004893   Thumb Code    46  usart1_v2.o(.text)
    USART1_IRQHandler                        0x080048c1   Thumb Code    48  usart1_v2.o(.text)
    GET_NUM                                  0x0800495b   Thumb Code    24  finger.o(.text)
    Add_FR                                   0x08004973   Thumb Code   464  finger.o(.text)
    press_FR                                 0x08004b43   Thumb Code   100  finger.o(.text)
    Del_FR                                   0x08004ba7   Thumb Code   168  finger.o(.text)
    Get_FR_Right                             0x08004c4f   Thumb Code    84  finger.o(.text)
    FR_Init                                  0x08004ca3   Thumb Code   136  finger.o(.text)
    FR_Cmd_Ctrl                              0x08004d2b   Thumb Code   746  finger.o(.text)
    Cmd_Ctrl                                 0x08005045   Thumb Code    74  cmd_ctrl.o(.text)
    Evr_Init                                 0x080050b5   Thumb Code    12  environment.o(.text)
    Send_TempAndHumidity                     0x080050c1   Thumb Code    38  environment.o(.text)
    Send_PressAndHeight                      0x080050e7   Thumb Code    68  environment.o(.text)
    Evr_Cmd_Ctrl                             0x0800512b   Thumb Code    50  environment.o(.text)
    Lock_Ctl                                 0x080051b1   Thumb Code    34  lockapp.o(.text)
    Lock_Time_Set                            0x080051d3   Thumb Code    40  lockapp.o(.text)
    Lock_Cmd_Set                             0x080051fb   Thumb Code    60  lockapp.o(.text)
    Lock_Cmd_Ctrl                            0x08005237   Thumb Code   118  lockapp.o(.text)
    Float2char                               0x0800532d   Thumb Code   294  float2char.o(.text)
    Int2char                                 0x08005453   Thumb Code   138  float2char.o(.text)
    UnInt2char                               0x080054dd   Thumb Code    92  float2char.o(.text)
    __aeabi_ldivmod                          0x08005541   Thumb Code    90  ldiv.o(.text)
    __aeabi_memset                           0x0800559b   Thumb Code    14  memseta.o(.text)
    __aeabi_memset4                          0x0800559b   Thumb Code     0  memseta.o(.text)
    __aeabi_memset8                          0x0800559b   Thumb Code     0  memseta.o(.text)
    __aeabi_memclr                           0x080055a9   Thumb Code     4  memseta.o(.text)
    __aeabi_memclr4                          0x080055a9   Thumb Code     0  memseta.o(.text)
    __aeabi_memclr8                          0x080055a9   Thumb Code     0  memseta.o(.text)
    _memset$wrapper                          0x080055ad   Thumb Code    18  memseta.o(.text)
    strcat                                   0x080055bf   Thumb Code    24  strcat.o(.text)
    strstr                                   0x080055d7   Thumb Code    36  strstr.o(.text)
    strchr                                   0x080055fb   Thumb Code    20  strchr.o(.text)
    strlen                                   0x0800560f   Thumb Code    14  strlen.o(.text)
    strcpy                                   0x0800561d   Thumb Code    18  strcpy.o(.text)
    strtok                                   0x08005631   Thumb Code    62  strtok.o(.text)
    atoi                                     0x08005675   Thumb Code    26  atoi.o(.text)
    __aeabi_fadd                             0x0800568f   Thumb Code   164  fadd.o(.text)
    __aeabi_fsub                             0x08005733   Thumb Code     6  fadd.o(.text)
    __aeabi_frsub                            0x08005739   Thumb Code     6  fadd.o(.text)
    __aeabi_fmul                             0x0800573f   Thumb Code   108  fmul.o(.text)
    __aeabi_fdiv                             0x080057ab   Thumb Code   128  fdiv.o(.text)
    __aeabi_dadd                             0x0800582b   Thumb Code   322  dadd.o(.text)
    __aeabi_dsub                             0x0800596d   Thumb Code     6  dadd.o(.text)
    __aeabi_drsub                            0x08005973   Thumb Code     6  dadd.o(.text)
    __aeabi_dmul                             0x08005979   Thumb Code   228  dmul.o(.text)
    __aeabi_ddiv                             0x08005a5d   Thumb Code   222  ddiv.o(.text)
    __aeabi_i2f                              0x08005b3b   Thumb Code    18  fflti.o(.text)
    __aeabi_i2d                              0x08005b4d   Thumb Code    34  dflti.o(.text)
    __aeabi_ui2d                             0x08005b6f   Thumb Code    26  dfltui.o(.text)
    __aeabi_f2iz                             0x08005b89   Thumb Code    50  ffixi.o(.text)
    __aeabi_f2d                              0x08005bbb   Thumb Code    38  f2d.o(.text)
    __aeabi_cdcmpeq                          0x08005be1   Thumb Code     0  cdcmple.o(.text)
    __aeabi_cdcmple                          0x08005be1   Thumb Code    38  cdcmple.o(.text)
    __aeabi_d2f                              0x08005c09   Thumb Code    56  d2f.o(.text)
    __aeabi_cfcmpeq                          0x08005c41   Thumb Code     0  cfcmple.o(.text)
    __aeabi_cfcmple                          0x08005c41   Thumb Code    20  cfcmple.o(.text)
    __aeabi_cfrcmple                         0x08005c55   Thumb Code    20  cfrcmple.o(.text)
    __aeabi_uidiv                            0x08005c69   Thumb Code     0  uidiv.o(.text)
    __aeabi_uidivmod                         0x08005c69   Thumb Code    44  uidiv.o(.text)
    __aeabi_uldivmod                         0x08005c95   Thumb Code    98  uldiv.o(.text)
    __aeabi_llsl                             0x08005cf7   Thumb Code    30  llshl.o(.text)
    _ll_shift_l                              0x08005cf7   Thumb Code     0  llshl.o(.text)
    __aeabi_lasr                             0x08005d15   Thumb Code    36  llsshr.o(.text)
    _ll_sshift_r                             0x08005d15   Thumb Code     0  llsshr.o(.text)
    strtol                                   0x08005d39   Thumb Code   112  strtol.o(.text)
    __I$use$fp                               0x08005da9   Thumb Code     0  iusefp.o(.text)
    _float_round                             0x08005da9   Thumb Code    18  fepilogue.o(.text)
    _float_epilogue                          0x08005dbb   Thumb Code    90  fepilogue.o(.text)
    _double_round                            0x08005e15   Thumb Code    26  depilogue.o(.text)
    _double_epilogue                         0x08005e2f   Thumb Code   164  depilogue.o(.text)
    __ARM_scalbn                             0x08005ed3   Thumb Code    46  dscalb.o(.text)
    scalbn                                   0x08005ed3   Thumb Code     0  dscalb.o(.text)
    __aeabi_d2ulz                            0x08005f01   Thumb Code    48  dfixul.o(.text)
    __aeabi_cdrcmple                         0x08005f31   Thumb Code    38  cdrcmple.o(.text)
    __scatterload                            0x08005f59   Thumb Code    28  init.o(.text)
    __scatterload_rt2                        0x08005f59   Thumb Code     0  init.o(.text)
    __aeabi_llsr                             0x08005f7d   Thumb Code    32  llushr.o(.text)
    __semihosting_library_function           0x08005f7d   Thumb Code     0  semi.o(.text)
    _ll_ushift_r                             0x08005f7d   Thumb Code     0  llushr.o(.text)
    __rt_ctype_table                         0x08005f9d   Thumb Code     4  ctype_o.o(.text)
    _strtoul                                 0x08005fa5   Thumb Code   158  _strtoul.o(.text)
    __I$use$semihosting$fputc                0x08006043   Thumb Code     0  iusesemip.o(.text)
    _dsqrt                                   0x08006043   Thumb Code   162  dsqrt.o(.text)
    _chval                                   0x080060e5   Thumb Code    28  _chval.o(.text)
    __decompress                             0x08006101   Thumb Code     0  __dczerorl2.o(.text)
    __decompress1                            0x08006101   Thumb Code    92  __dczerorl2.o(.text)
    __0printf$8                              0x0800615d   Thumb Code    22  printf8.o(i.__0printf$8)
    __1printf$8                              0x0800615d   Thumb Code     0  printf8.o(i.__0printf$8)
    __2printf                                0x0800615d   Thumb Code     0  printf8.o(i.__0printf$8)
    __0sprintf$8                             0x0800617d   Thumb Code    34  printf8.o(i.__0sprintf$8)
    __1sprintf$8                             0x0800617d   Thumb Code     0  printf8.o(i.__0sprintf$8)
    __2sprintf                               0x0800617d   Thumb Code     0  printf8.o(i.__0sprintf$8)
    __0vsprintf                              0x080061a5   Thumb Code    30  printfa.o(i.__0vsprintf)
    __1vsprintf                              0x080061a5   Thumb Code     0  printfa.o(i.__0vsprintf)
    __2vsprintf                              0x080061a5   Thumb Code     0  printfa.o(i.__0vsprintf)
    __c89vsprintf                            0x080061a5   Thumb Code     0  printfa.o(i.__0vsprintf)
    vsprintf                                 0x080061a5   Thumb Code     0  printfa.o(i.__0vsprintf)
    __ARM_fpclassify                         0x080061c9   Thumb Code    40  fpclassify.o(i.__ARM_fpclassify)
    __aeabi_errno_addr                       0x080061f1   Thumb Code     4  errno.o(i.__aeabi_errno_addr)
    __rt_errno_addr                          0x080061f1   Thumb Code     0  errno.o(i.__aeabi_errno_addr)
    __kernel_poly                            0x080061f9   Thumb Code   170  poly.o(i.__kernel_poly)
    __mathlib_dbl_underflow                  0x080062a5   Thumb Code    10  dunder.o(i.__mathlib_dbl_underflow)
    __scatterload_copy                       0x080062b5   Thumb Code    14  handlers.o(i.__scatterload_copy)
    __scatterload_null                       0x080062c3   Thumb Code     2  handlers.o(i.__scatterload_null)
    __scatterload_zeroinit                   0x080062c5   Thumb Code    14  handlers.o(i.__scatterload_zeroinit)
    __set_errno                              0x080062d5   Thumb Code     6  errno.o(i.__set_errno)
    fputc                                    0x08006ff5   Thumb Code    18  fputc.o(i.fputc)
    pow                                      0x08007009   Thumb Code  2510  pow.o(i.pow)
    sqrt                                     0x080079e9   Thumb Code    76  sqrt.o(i.sqrt)
    __mathlib_zero                           0x08007ac0   Data           8  qnan.o(.constdata)
    __ctype_table                            0x08007ac8   Data         129  ctype_o.o(.constdata)
    Region$$Table$$Base                      0x08007b50   Number         0  anon$$obj.o(Region$$Table)
    Region$$Table$$Limit                     0x08007b70   Number         0  anon$$obj.o(Region$$Table)
    SystemCoreClock                          0x20000000   Data           4  system_stm32f10x.o(.data)
    AHBPrescTable                            0x20000004   Data          16  system_stm32f10x.o(.data)
    AS608Addr                                0x20000028   Data           4  as608.o(.data)
    red_value                                0x2000002c   Data           1  led.o(.data)
    yellow_value                             0x2000002d   Data           1  led.o(.data)
    blue_value                               0x2000002e   Data           1  led.o(.data)
    green_value                              0x2000002f   Data           1  led.o(.data)
    j                                        0x20000030   Data           4  led.o(.data)
    PhoneNum1                                0x2000004c   Data          50  sim900a.o(.data)
    Content1                                 0x2000007e   Data          50  sim900a.o(.data)
    PhoneNum2                                0x200000b0   Data          50  sim900a.o(.data)
    Content2                                 0x200000e2   Data          60  sim900a.o(.data)
    SIM900_CSQ                               0x2000011e   Data           3  sim900a.o(.data)
    Lock_Time_Delay_N                        0x20000124   Data           4  lock.o(.data)
    USART3_RX_STA                            0x2000012c   Data           2  usart3_v2.o(.data)
    usart2_rcv_cmd_start                     0x20000130   Data           1  usart2_v2.o(.data)
    usart2_rcv_cmd_flag                      0x20000131   Data           1  usart2_v2.o(.data)
    usart2_cmd_clr_flag                      0x20000132   Data           1  usart2_v2.o(.data)
    usart2_rcv_len                           0x20000134   Data           4  usart2_v2.o(.data)
    usart2_cmd_len                           0x20000138   Data           4  usart2_v2.o(.data)
    usart1_rcv_cmd_start                     0x2000013c   Data           1  usart1_v2.o(.data)
    usart1_rcv_cmd_flag                      0x2000013d   Data           1  usart1_v2.o(.data)
    usart1_irpt_flag                         0x2000013e   Data           1  usart1_v2.o(.data)
    usart1_rcv_len                           0x20000140   Data           4  usart1_v2.o(.data)
    usart1_cmd_len                           0x20000144   Data           4  usart1_v2.o(.data)
    FR_Recongnition_Cnt                      0x20000148   Data           1  finger.o(.data)
    FR_Right                                 0x2000014c   Data           4  finger.o(.data)
    ValidN                                   0x20000150   Data           2  finger.o(.data)
    Lock_Cmd                                 0x20000152   Data          20  lockapp.o(.data)
    __stdout                                 0x2000016c   Data           4  stdout.o(.data)
    bmp280Cal                                0x20000188   Data          28  bmp280.o(.bss)
    USART3_RX_BUF                            0x200001a4   Data         400  usart3_v2.o(.bss)
    USART3_TX_BUF                            0x20000334   Data         400  usart3_v2.o(.bss)
    usart2_rcv_buf                           0x200004c4   Data        1024  usart2_v2.o(.bss)
    usart2_cmd_buf                           0x200008c4   Data         256  usart2_v2.o(.bss)
    usart1_rcv_buf                           0x200009c4   Data        1024  usart1_v2.o(.bss)
    usart1_send_buf                          0x20000dc4   Data         256  usart1_v2.o(.bss)
    usart1_cmd_buf                           0x20000ec4   Data         256  usart1_v2.o(.bss)
    AS608Para                                0x20000fc4   Data          12  finger.o(.bss)
    __initial_sp                             0x200013d0   Data           0  startup_stm32f10x_hd.o(STACK)



==============================================================================

Memory Map of the image

  Image Entry point : 0x08000131

  Load Region LR_IROM1 (Base: 0x08000000, Size: 0x00007ce4, Max: 0x00020000, ABSOLUTE, COMPRESSED[0x00007c30])

    Execution Region ER_IROM1 (Base: 0x08000000, Size: 0x00007b70, Max: 0x00020000, ABSOLUTE)

    Base Addr    Size         Type   Attr      Idx    E Section Name        Object

    0x08000000   0x00000130   Data   RO            3    RESET               startup_stm32f10x_hd.o
    0x08000130   0x00000000   Code   RO         1059  * .ARM.Collect$$$$00000000  mc_w.l(entry.o)
    0x08000130   0x00000004   Code   RO         1390    .ARM.Collect$$$$00000001  mc_w.l(entry2.o)
    0x08000134   0x00000004   Code   RO         1393    .ARM.Collect$$$$00000004  mc_w.l(entry5.o)
    0x08000138   0x00000000   Code   RO         1395    .ARM.Collect$$$$00000008  mc_w.l(entry7b.o)
    0x08000138   0x00000000   Code   RO         1397    .ARM.Collect$$$$0000000A  mc_w.l(entry8b.o)
    0x08000138   0x00000008   Code   RO         1398    .ARM.Collect$$$$0000000B  mc_w.l(entry9a.o)
    0x08000140   0x00000000   Code   RO         1400    .ARM.Collect$$$$0000000D  mc_w.l(entry10a.o)
    0x08000140   0x00000000   Code   RO         1402    .ARM.Collect$$$$0000000F  mc_w.l(entry11a.o)
    0x08000140   0x00000004   Code   RO         1391    .ARM.Collect$$$$00002712  mc_w.l(entry2.o)
    0x08000144   0x00000024   Code   RO            4    .text               startup_stm32f10x_hd.o
    0x08000168   0x000001dc   Code   RO           24    .text               system_stm32f10x.o
    0x08000344   0x000000dc   Code   RO          121    .text               misc.o
    0x08000420   0x00000358   Code   RO          269    .text               stm32f10x_gpio.o
    0x08000778   0x000003a4   Code   RO          317    .text               stm32f10x_rcc.o
    0x08000b1c   0x00000e1a   Code   RO          367    .text               stm32f10x_tim.o
    0x08001936   0x00000002   PAD
    0x08001938   0x00000408   Code   RO          379    .text               stm32f10x_usart.o
    0x08001d40   0x000000f8   Code   RO          403    .text               main.o
    0x08001e38   0x0000001a   Code   RO          563    .text               stm32f10x_it.o
    0x08001e52   0x00000002   PAD
    0x08001e54   0x00000ab8   Code   RO          578    .text               as608.o
    0x0800290c   0x000003c4   Code   RO          653    .text               esp8266_wifi.o
    0x08002cd0   0x0000021c   Code   RO          688    .text               led.o
    0x08002eec   0x00000164   Code   RO          706    .text               dh11.o
    0x08003050   0x000004c4   Code   RO          721    .text               bmp280.o
    0x08003514   0x00000384   Code   RO          750    .text               bsp_i2c_gpio.o
    0x08003898   0x00000a0c   Code   RO          762    .text               sim900a.o
    0x080042a4   0x000000bc   Code   RO          781    .text               lock.o
    0x08004360   0x000000d0   Code   RO          799    .text               delay.o
    0x08004430   0x0000008c   Code   RO          829    .text               timer.o
    0x080044bc   0x0000017c   Code   RO          845    .text               usart3_v2.o
    0x08004638   0x00000180   Code   RO          871    .text               usart2_v2.o
    0x080047b8   0x0000014c   Code   RO          900    .text               usart1_v2.o
    0x08004904   0x00000740   Code   RO          923    .text               finger.o
    0x08005044   0x00000070   Code   RO          968    .text               cmd_ctrl.o
    0x080050b4   0x000000fc   Code   RO          980    .text               environment.o
    0x080051b0   0x0000017c   Code   RO          998    .text               lockapp.o
    0x0800532c   0x00000214   Code   RO         1039    .text               float2char.o
    0x08005540   0x0000005a   Code   RO         1062    .text               mc_w.l(ldiv.o)
    0x0800559a   0x00000024   Code   RO         1064    .text               mc_w.l(memseta.o)
    0x080055be   0x00000018   Code   RO         1066    .text               mc_w.l(strcat.o)
    0x080055d6   0x00000024   Code   RO         1068    .text               mc_w.l(strstr.o)
    0x080055fa   0x00000014   Code   RO         1070    .text               mc_w.l(strchr.o)
    0x0800560e   0x0000000e   Code   RO         1072    .text               mc_w.l(strlen.o)
    0x0800561c   0x00000012   Code   RO         1074    .text               mc_w.l(strcpy.o)
    0x0800562e   0x00000002   PAD
    0x08005630   0x00000044   Code   RO         1076    .text               mc_w.l(strtok.o)
    0x08005674   0x0000001a   Code   RO         1343    .text               mc_w.l(atoi.o)
    0x0800568e   0x000000b0   Code   RO         1345    .text               mf_w.l(fadd.o)
    0x0800573e   0x0000006c   Code   RO         1347    .text               mf_w.l(fmul.o)
    0x080057aa   0x00000080   Code   RO         1349    .text               mf_w.l(fdiv.o)
    0x0800582a   0x0000014e   Code   RO         1351    .text               mf_w.l(dadd.o)
    0x08005978   0x000000e4   Code   RO         1353    .text               mf_w.l(dmul.o)
    0x08005a5c   0x000000de   Code   RO         1355    .text               mf_w.l(ddiv.o)
    0x08005b3a   0x00000012   Code   RO         1357    .text               mf_w.l(fflti.o)
    0x08005b4c   0x00000022   Code   RO         1359    .text               mf_w.l(dflti.o)
    0x08005b6e   0x0000001a   Code   RO         1361    .text               mf_w.l(dfltui.o)
    0x08005b88   0x00000032   Code   RO         1363    .text               mf_w.l(ffixi.o)
    0x08005bba   0x00000026   Code   RO         1365    .text               mf_w.l(f2d.o)
    0x08005be0   0x00000028   Code   RO         1367    .text               mf_w.l(cdcmple.o)
    0x08005c08   0x00000038   Code   RO         1369    .text               mf_w.l(d2f.o)
    0x08005c40   0x00000014   Code   RO         1371    .text               mf_w.l(cfcmple.o)
    0x08005c54   0x00000014   Code   RO         1373    .text               mf_w.l(cfrcmple.o)
    0x08005c68   0x0000002c   Code   RO         1407    .text               mc_w.l(uidiv.o)
    0x08005c94   0x00000062   Code   RO         1409    .text               mc_w.l(uldiv.o)
    0x08005cf6   0x0000001e   Code   RO         1411    .text               mc_w.l(llshl.o)
    0x08005d14   0x00000024   Code   RO         1413    .text               mc_w.l(llsshr.o)
    0x08005d38   0x00000070   Code   RO         1422    .text               mc_w.l(strtol.o)
    0x08005da8   0x00000000   Code   RO         1424    .text               mc_w.l(iusefp.o)
    0x08005da8   0x0000006c   Code   RO         1425    .text               mf_w.l(fepilogue.o)
    0x08005e14   0x000000be   Code   RO         1427    .text               mf_w.l(depilogue.o)
    0x08005ed2   0x0000002e   Code   RO         1429    .text               mf_w.l(dscalb.o)
    0x08005f00   0x00000030   Code   RO         1431    .text               mf_w.l(dfixul.o)
    0x08005f30   0x00000028   Code   RO         1433    .text               mf_w.l(cdrcmple.o)
    0x08005f58   0x00000024   Code   RO         1435    .text               mc_w.l(init.o)
    0x08005f7c   0x00000000   Code   RO         1437    .text               mc_w.l(semi.o)
    0x08005f7c   0x00000020   Code   RO         1438    .text               mc_w.l(llushr.o)
    0x08005f9c   0x00000008   Code   RO         1440    .text               mc_w.l(ctype_o.o)
    0x08005fa4   0x0000009e   Code   RO         1468    .text               mc_w.l(_strtoul.o)
    0x08006042   0x00000000   Code   RO         1470    .text               mc_w.l(iusesemip.o)
    0x08006042   0x000000a2   Code   RO         1471    .text               mf_w.l(dsqrt.o)
    0x080060e4   0x0000001c   Code   RO         1473    .text               mc_w.l(_chval.o)
    0x08006100   0x0000005c   Code   RO         1483    .text               mc_w.l(__dczerorl2.o)
    0x0800615c   0x00000020   Code   RO         1289    i.__0printf$8       mc_w.l(printf8.o)
    0x0800617c   0x00000028   Code   RO         1291    i.__0sprintf$8      mc_w.l(printf8.o)
    0x080061a4   0x00000024   Code   RO         1321    i.__0vsprintf       mc_w.l(printfa.o)
    0x080061c8   0x00000028   Code   RO         1377    i.__ARM_fpclassify  m_ws.l(fpclassify.o)
    0x080061f0   0x00000008   Code   RO         1415    i.__aeabi_errno_addr  mc_w.l(errno.o)
    0x080061f8   0x000000aa   Code   RO         1379    i.__kernel_poly     m_ws.l(poly.o)
    0x080062a2   0x00000002   PAD
    0x080062a4   0x00000010   Code   RO         1375    i.__mathlib_dbl_underflow  m_ws.l(dunder.o)
    0x080062b4   0x0000000e   Code   RO         1477    i.__scatterload_copy  mc_w.l(handlers.o)
    0x080062c2   0x00000002   Code   RO         1478    i.__scatterload_null  mc_w.l(handlers.o)
    0x080062c4   0x0000000e   Code   RO         1479    i.__scatterload_zeroinit  mc_w.l(handlers.o)
    0x080062d2   0x00000002   PAD
    0x080062d4   0x0000000c   Code   RO         1417    i.__set_errno       mc_w.l(errno.o)
    0x080062e0   0x0000015c   Code   RO         1322    i._fp_digits        mc_w.l(printfa.o)
    0x0800643c   0x00000408   Code   RO         1296    i._printf_core      mc_w.l(printf8.o)
    0x08006844   0x000006f0   Code   RO         1323    i._printf_core      mc_w.l(printfa.o)
    0x08006f34   0x00000026   Code   RO         1297    i._printf_post_padding  mc_w.l(printf8.o)
    0x08006f5a   0x00000026   Code   RO         1324    i._printf_post_padding  mc_w.l(printfa.o)
    0x08006f80   0x00000030   Code   RO         1298    i._printf_pre_padding  mc_w.l(printf8.o)
    0x08006fb0   0x00000030   Code   RO         1325    i._printf_pre_padding  mc_w.l(printfa.o)
    0x08006fe0   0x0000000a   Code   RO         1300    i._sputc            mc_w.l(printf8.o)
    0x08006fea   0x0000000a   Code   RO         1327    i._sputc            mc_w.l(printfa.o)
    0x08006ff4   0x00000012   Code   RO         1404    i.fputc             mc_w.l(fputc.o)
    0x08007006   0x00000002   PAD
    0x08007008   0x000009e0   Code   RO         1050    i.pow               m_ws.l(pow.o)
    0x080079e8   0x0000004c   Code   RO         1383    i.sqrt              m_ws.l(sqrt.o)
    0x08007a34   0x00000004   PAD
    0x08007a38   0x00000088   Data   RO         1051    .constdata          m_ws.l(pow.o)
    0x08007ac0   0x00000008   Data   RO         1381    .constdata          m_ws.l(qnan.o)
    0x08007ac8   0x00000081   Data   RO         1441    .constdata          mc_w.l(ctype_o.o)
    0x08007b49   0x00000003   PAD
    0x08007b4c   0x00000004   Data   RO         1442    .constdata          mc_w.l(ctype_o.o)
    0x08007b50   0x00000020   Data   RO         1475    Region$$Table       anon$$obj.o


    Execution Region RW_IRAM1 (Base: 0x20000000, Size: 0x000013d0, Max: 0x00005000, ABSOLUTE, COMPRESSED[0x000000c0])

    Base Addr    Size         Type   Attr      Idx    E Section Name        Object

    0x20000000   0x00000014   Data   RW           25    .data               system_stm32f10x.o
    0x20000014   0x00000014   Data   RW          318    .data               stm32f10x_rcc.o
    0x20000028   0x00000004   Data   RW          579    .data               as608.o
    0x2000002c   0x00000008   Data   RW          689    .data               led.o
    0x20000034   0x00000018   Data   RW          723    .data               bmp280.o
    0x2000004c   0x000000d5   Data   RW          764    .data               sim900a.o
    0x20000121   0x00000003   PAD
    0x20000124   0x00000004   Data   RW          782    .data               lock.o
    0x20000128   0x00000004   Data   RW          800    .data               delay.o
    0x2000012c   0x00000002   Data   RW          847    .data               usart3_v2.o
    0x2000012e   0x00000002   PAD
    0x20000130   0x0000000c   Data   RW          873    .data               usart2_v2.o
    0x2000013c   0x0000000c   Data   RW          902    .data               usart1_v2.o
    0x20000148   0x0000000a   Data   RW          925    .data               finger.o
    0x20000152   0x00000014   Data   RW          999    .data               lockapp.o
    0x20000166   0x00000002   PAD
    0x20000168   0x00000004   Data   RW         1077    .data               mc_w.l(strtok.o)
    0x2000016c   0x00000004   Data   RW         1406    .data               mc_w.l(stdout.o)
    0x20000170   0x00000004   Data   RW         1418    .data               mc_w.l(errno.o)
    0x20000174   0x00000030   Zero   RW          722    .bss                bmp280.o
    0x200001a4   0x00000320   Zero   RW          846    .bss                usart3_v2.o
    0x200004c4   0x00000500   Zero   RW          872    .bss                usart2_v2.o
    0x200009c4   0x00000600   Zero   RW          901    .bss                usart1_v2.o
    0x20000fc4   0x0000000c   Zero   RW          924    .bss                finger.o
    0x20000fd0   0x00000400   Zero   RW            1    STACK               startup_stm32f10x_hd.o


==============================================================================

Image component sizes


      Code (inc. data)   RO Data    RW Data    ZI Data      Debug   Object Name

      2744        684          0          4          0       8410   as608.o
      1220        104          0         24         48       3723   bmp280.o
       900         20          0          0          0       3530   bsp_i2c_gpio.o
       112         38          0          0          0        511   cmd_ctrl.o
         0          0          0          0          0       4264   core_cm3.o
       208         18          0          4          0       1071   delay.o
       356          4          0          0          0       2652   dh11.o
       252         84          0          0          0       1857   environment.o
       964        216          0          0          0       3958   esp8266_wifi.o
      1856        720          0         10         12       3918   finger.o
       532          8          0          0          0       1681   float2char.o
       540        120          0          8          0       1352   led.o
       188         14          0          4          0       1189   lock.o
       380        128          0         20          0       1835   lockapp.o
       248         98          0          0          0     212803   main.o
       220         20          0          0          0       1861   misc.o
      2572        716          0        213          0       6739   sim900a.o
        36          8        304          0       1024        848   startup_stm32f10x_hd.o
       856         40          0          0          0       5701   stm32f10x_gpio.o
        26          0          0          0          0       1234   stm32f10x_it.o
       932         44          0         20          0       8896   stm32f10x_rcc.o
      3610         88          0          0          0      22188   stm32f10x_tim.o
      1032         22          0          0          0       8432   stm32f10x_usart.o
       476         36          0         20          0     250503   system_stm32f10x.o
       140          8          0          0          0        788   timer.o
       332         20          0         12       1536       2639   usart1_v2.o
       384         32          0         12       1280       2519   usart2_v2.o
       380         24          0          2        800       2094   usart3_v2.o

    ----------------------------------------------------------------------
     21500       3314        336        360       4700     567196   Object Totals
         0          0         32          0          0          0   (incl. Generated)
         4          0          0          7          0          0   (incl. Padding)

    ----------------------------------------------------------------------

      Code (inc. data)   RO Data    RW Data    ZI Data      Debug   Library Member Name

        16          6          0          0          0         68   dunder.o
        40          0          0          0          0         68   fpclassify.o
       170          0          0          0          0         96   poly.o
      2528        190        136          0          0        332   pow.o
         0          0          8          0          0          0   qnan.o
        76          0          0          0          0         84   sqrt.o
        92          0          0          0          0          0   __dczerorl2.o
        28          0          0          0          0         68   _chval.o
       158          0          0          0          0         92   _strtoul.o
        26          0          0          0          0         80   atoi.o
         8          4        133          0          0         68   ctype_o.o
         0          0          0          0          0          0   entry.o
         0          0          0          0          0          0   entry10a.o
         0          0          0          0          0          0   entry11a.o
         8          4          0          0          0          0   entry2.o
         4          0          0          0          0          0   entry5.o
         0          0          0          0          0          0   entry7b.o
         0          0          0          0          0          0   entry8b.o
         8          4          0          0          0          0   entry9a.o
        20         10          0          4          0        136   errno.o
        18          0          0          0          0         80   fputc.o
        30          0          0          0          0          0   handlers.o
        36          8          0          0          0         68   init.o
         0          0          0          0          0          0   iusefp.o
         0          0          0          0          0          0   iusesemip.o
        90          0          0          0          0         84   ldiv.o
        30          0          0          0          0         68   llshl.o
        36          0          0          0          0         68   llsshr.o
        32          0          0          0          0         68   llushr.o
        36          0          0          0          0        108   memseta.o
      1200         60          0          0          0        504   printf8.o
      2256         86          0          0          0        508   printfa.o
         0          0          0          0          0          0   semi.o
         0          0          0          4          0          0   stdout.o
        24          0          0          0          0         68   strcat.o
        20          0          0          0          0         68   strchr.o
        18          0          0          0          0         68   strcpy.o
        14          0          0          0          0         68   strlen.o
        36          0          0          0          0         80   strstr.o
        68          6          0          4          0         80   strtok.o
       112          0          0          0          0         88   strtol.o
        44          0          0          0          0         80   uidiv.o
        98          0          0          0          0         92   uldiv.o
        40          2          0          0          0         68   cdcmple.o
        40          2          0          0          0         68   cdrcmple.o
        20          0          0          0          0         68   cfcmple.o
        20          0          0          0          0         68   cfrcmple.o
        56          0          0          0          0         88   d2f.o
       334          0          0          0          0        148   dadd.o
       222          0          0          0          0        100   ddiv.o
       190          0          0          0          0        176   depilogue.o
        48          0          0          0          0         68   dfixul.o
        34          0          0          0          0         76   dflti.o
        26          0          0          0          0         76   dfltui.o
       228          0          0          0          0         96   dmul.o
        46          0          0          0          0         80   dscalb.o
       162          0          0          0          0        100   dsqrt.o
        38          0          0          0          0         68   f2d.o
       176          0          0          0          0        140   fadd.o
       128          0          0          0          0         88   fdiv.o
       108          0          0          0          0        168   fepilogue.o
        50          0          0          0          0         68   ffixi.o
        18          0          0          0          0         68   fflti.o
       108          0          0          0          0         76   fmul.o

    ----------------------------------------------------------------------
      9484        382        280         12          0       5296   Library Totals
        12          0          3          0          0          0   (incl. Padding)

    ----------------------------------------------------------------------

      Code (inc. data)   RO Data    RW Data    ZI Data      Debug   Library Name

      2830        196        144          0          0        648   m_ws.l
      4550        182        133         12          0       2692   mc_w.l
      2092          4          0          0          0       1956   mf_w.l

    ----------------------------------------------------------------------
      9484        382        280         12          0       5296   Library Totals

    ----------------------------------------------------------------------

==============================================================================


      Code (inc. data)   RO Data    RW Data    ZI Data      Debug   

     30984       3696        616        372       4700     567812   Grand Totals
     30984       3696        616        192       4700     567812   ELF Image Totals (compressed)
     30984       3696        616        192          0          0   ROM Totals

==============================================================================

    Total RO  Size (Code + RO Data)                31600 (  30.86kB)
    Total RW  Size (RW Data + ZI Data)              5072 (   4.95kB)
    Total ROM Size (Code + RO Data + RW Data)      31792 (  31.05kB)

==============================================================================

