<html>
<body>
<pre>
<h1>礦ision Build Log</h1>
<h2>Project:</h2>
E:\资料\大学\工程\潘宇工程学院院创\Software\sum_code_Lock\sum_code\Project\RVMDK（uv4）\iSO-STM32.uvproj
Project File Date:  04/05/2019

<h2>Output:</h2>
Build target 'Finger'
linking...
Program Size: Code=30984 RO-data=616 RW-data=372 ZI-data=4700  
FromELF: creating hex file...
"..\..\Output\Template.axf" - 0 Error(s), 0 Warning(s).
Load "..\\..\\Output\\Template.axf" 
Erase Done.
Programming Done.
Verify OK.
</pre>
</body>
</html>
Done.
Verify OK.
